../Core/Src/liquid_cristal.c:45:6:HD44780_Init	16	static
../Core/Src/liquid_cristal.c:100:6:HD44780_Clear	8	static
../Core/Src/liquid_cristal.c:106:6:HD44780_Home	8	static
../Core/Src/liquid_cristal.c:112:6:HD44780_SetCursor	40	static
../Core/Src/liquid_cristal.c:122:6:HD44780_NoDisplay	8	static
../Core/Src/liquid_cristal.c:128:6:HD44780_Display	8	static
../Core/Src/liquid_cristal.c:134:6:HD44780_NoCursor	8	static
../Core/Src/liquid_cristal.c:140:6:HD44780_Cursor	8	static
../Core/Src/liquid_cristal.c:146:6:HD44780_NoBlink	8	static
../Core/Src/liquid_cristal.c:152:6:HD44780_Blink	8	static
../Core/Src/liquid_cristal.c:158:6:HD44780_ScrollDisplayLeft	8	static
../Core/Src/liquid_cristal.c:163:6:HD44780_ScrollDisplayRight	8	static
../Core/Src/liquid_cristal.c:168:6:HD44780_LeftToRight	8	static
../Core/Src/liquid_cristal.c:174:6:HD44780_RightToLeft	8	static
../Core/Src/liquid_cristal.c:180:6:HD44780_AutoScroll	8	static
../Core/Src/liquid_cristal.c:186:6:HD44780_NoAutoScroll	8	static
../Core/Src/liquid_cristal.c:192:6:HD44780_CreateSpecialChar	24	static
../Core/Src/liquid_cristal.c:202:6:HD44780_PrintSpecialChar	16	static
../Core/Src/liquid_cristal.c:207:6:HD44780_LoadCustomCharacter	16	static
../Core/Src/liquid_cristal.c:212:6:HD44780_PrintStr	16	static
../Core/Src/liquid_cristal.c:217:6:HD44780_SetBacklight	16	static
../Core/Src/liquid_cristal.c:223:6:HD44780_NoBacklight	8	static
../Core/Src/liquid_cristal.c:229:6:HD44780_Backlight	8	static
../Core/Src/liquid_cristal.c:235:13:SendCommand	16	static
../Core/Src/liquid_cristal.c:240:13:SendChar	16	static
../Core/Src/liquid_cristal.c:245:13:Send	24	static
../Core/Src/liquid_cristal.c:253:13:Write4Bits	16	static
../Core/Src/liquid_cristal.c:259:13:ExpanderWrite	32	static
../Core/Src/liquid_cristal.c:265:13:PulseEnable	16	static
../Core/Src/liquid_cristal.c:274:13:DelayInit	4	static,ignoring_inline_asm
../Core/Src/liquid_cristal.c:290:13:DelayUS	32	static
