../Core/Src/main.c:94:6:microDelay	16	static
../Core/Src/main.c:100:9:DHT11_Start	32	static
../Core/Src/main.c:131:9:DHT11_Read	16	static
../Core/Src/main.c:162:5:main	16	static
../Core/Src/main.c:331:6:SystemClock_Config	72	static
../Core/Src/main.c:371:13:MX_I2C1_Init	8	static
../Core/Src/main.c:405:13:MX_TIM1_Init	32	static
../Core/Src/main.c:451:13:MX_GPIO_Init	40	static
../Core/Src/main.c:491:13:MX_USART1_UART_Init	8	static
../Core/Src/main.c:519:13:MX_TIM2_Init	64	static
../Core/Src/main.c:578:6:Error_Handler	4	static,ignoring_inline_asm
