
Discarded input sections

 .bss           0x00000000        0x0 ./Src/main.o
 .text          0x00000000       0x14 ./Startup/startup_stm32f103c8tx.o
 .data          0x00000000        0x0 ./Startup/startup_stm32f103c8tx.o
 .bss           0x00000000        0x0 ./Startup/startup_stm32f103c8tx.o

Memory Configuration

Name             Origin             Length             Attributes
RAM              0x20000000         0x00005000         xrw
FLASH            0x08000000         0x00010000         xr
*default*        0x00000000         0xffffffff

Linker script and memory map

LOAD ./Src/main.o
LOAD ./Startup/startup_stm32f103c8tx.o
START GROUP
LOAD E:/Programs for me/STM32CubeIDE_1.18.0/STM32CubeIDE/plugins/com.st.stm32cube.ide.mcu.externaltools.gnu-tools-for-stm32.13.3.rel1.win32_1.0.0.202411081344/tools/bin/../lib/gcc/arm-none-eabi/13.3.1/../../../../arm-none-eabi/lib/thumb/v7-m/nofp\libc_nano.a
LOAD E:/Programs for me/STM32CubeIDE_1.18.0/STM32CubeIDE/plugins/com.st.stm32cube.ide.mcu.externaltools.gnu-tools-for-stm32.13.3.rel1.win32_1.0.0.202411081344/tools/bin/../lib/gcc/arm-none-eabi/13.3.1/../../../../arm-none-eabi/lib/thumb/v7-m/nofp\libm.a
END GROUP
                0x20005000                        _estack = (ORIGIN (RAM) + LENGTH (RAM))
                0x00000200                        _Min_Heap_Size = 0x200
                0x00000400                        _Min_Stack_Size = 0x400

.isr_vector     0x08000000      0x130
                0x08000000                        . = ALIGN (0x4)
 *(.isr_vector)
 .isr_vector    0x08000000      0x130 ./Startup/startup_stm32f103c8tx.o
                0x08000000                g_pfnVectors
                0x08000130                        . = ALIGN (0x4)

.text           0x08000130      0x124
                0x08000130                        . = ALIGN (0x4)
 *(.text)
 .text          0x08000130       0xd4 ./Src/main.o
                0x08000130                main
 *(.text*)
 .text.Reset_Handler
                0x08000204       0x4c ./Startup/startup_stm32f103c8tx.o
                0x08000204                Reset_Handler
 .text.Default_Handler
                0x08000250        0x2 ./Startup/startup_stm32f103c8tx.o
                0x08000250                EXTI2_IRQHandler
                0x08000250                TIM8_TRG_COM_IRQHandler
                0x08000250                TIM8_CC_IRQHandler
                0x08000250                DebugMon_Handler
                0x08000250                TIM1_CC_IRQHandler
                0x08000250                HardFault_Handler
                0x08000250                TIM6_IRQHandler
                0x08000250                SysTick_Handler
                0x08000250                PVD_IRQHandler
                0x08000250                SDIO_IRQHandler
                0x08000250                PendSV_Handler
                0x08000250                NMI_Handler
                0x08000250                EXTI3_IRQHandler
                0x08000250                USB_HP_CAN_TX_IRQHandler
                0x08000250                EXTI0_IRQHandler
                0x08000250                I2C2_EV_IRQHandler
                0x08000250                UsageFault_Handler
                0x08000250                ADC1_2_IRQHandler
                0x08000250                SPI1_IRQHandler
                0x08000250                CAN_SCE_IRQHandler
                0x08000250                TAMPER_IRQHandler
                0x08000250                TIM8_UP_IRQHandler
                0x08000250                DMA2_Channel2_IRQHandler
                0x08000250                DMA1_Channel4_IRQHandler
                0x08000250                USART3_IRQHandler
                0x08000250                RTC_IRQHandler
                0x08000250                DMA1_Channel7_IRQHandler
                0x08000250                UART5_IRQHandler
                0x08000250                ADC3_IRQHandler
                0x08000250                TIM4_IRQHandler
                0x08000250                CAN_RX1_IRQHandler
                0x08000250                DMA2_Channel1_IRQHandler
                0x08000250                I2C1_EV_IRQHandler
                0x08000250                DMA1_Channel6_IRQHandler
                0x08000250                UART4_IRQHandler
                0x08000250                TIM3_IRQHandler
                0x08000250                RCC_IRQHandler
                0x08000250                TIM1_TRG_COM_IRQHandler
                0x08000250                DMA1_Channel1_IRQHandler
                0x08000250                Default_Handler
                0x08000250                EXTI15_10_IRQHandler
                0x08000250                TIM7_IRQHandler
                0x08000250                TIM5_IRQHandler
                0x08000250                EXTI9_5_IRQHandler
                0x08000250                SPI2_IRQHandler
                0x08000250                USB_LP_CAN_RX0_IRQHandler
                0x08000250                MemManage_Handler
                0x08000250                SVC_Handler
                0x08000250                DMA1_Channel5_IRQHandler
                0x08000250                EXTI4_IRQHandler
                0x08000250                DMA1_Channel3_IRQHandler
                0x08000250                FSMC_IRQHandler
                0x08000250                TIM1_UP_IRQHandler
                0x08000250                WWDG_IRQHandler
                0x08000250                TIM2_IRQHandler
                0x08000250                TIM1_BRK_IRQHandler
                0x08000250                EXTI1_IRQHandler
                0x08000250                RTCAlarm_IRQHandler
                0x08000250                DMA2_Channel4_5_IRQHandler
                0x08000250                USART2_IRQHandler
                0x08000250                I2C2_ER_IRQHandler
                0x08000250                DMA1_Channel2_IRQHandler
                0x08000250                TIM8_BRK_IRQHandler
                0x08000250                FLASH_IRQHandler
                0x08000250                BusFault_Handler
                0x08000250                USART1_IRQHandler
                0x08000250                SPI3_IRQHandler
                0x08000250                I2C1_ER_IRQHandler
                0x08000250                DMA2_Channel3_IRQHandler
 *(.glue_7)
 .glue_7        0x08000252        0x0 linker stubs
 *(.glue_7t)
 .glue_7t       0x08000252        0x0 linker stubs
 *(.eh_frame)
 *(.init)
 *(.fini)
                0x08000254                        . = ALIGN (0x4)
 *fill*         0x08000252        0x2 
                0x08000254                        _etext = .

.vfp11_veneer   0x08000254        0x0
 .vfp11_veneer  0x08000254        0x0 linker stubs

.v4_bx          0x08000254        0x0
 .v4_bx         0x08000254        0x0 linker stubs

.iplt           0x08000254        0x0
 .iplt          0x08000254        0x0 ./Src/main.o

.rel.dyn        0x08000254        0x0
 .rel.iplt      0x08000254        0x0 ./Src/main.o

.rodata         0x08000254        0x0
                0x08000254                        . = ALIGN (0x4)
 *(.rodata)
 *(.rodata*)
                0x08000254                        . = ALIGN (0x4)

.ARM.extab      0x08000254        0x0
                0x08000254                        . = ALIGN (0x4)
 *(.ARM.extab* .gnu.linkonce.armextab.*)
                0x08000254                        . = ALIGN (0x4)

.ARM            0x08000254        0x0
                0x08000254                        . = ALIGN (0x4)
                0x08000254                        __exidx_start = .
 *(.ARM.exidx*)
                0x08000254                        __exidx_end = .
                0x08000254                        . = ALIGN (0x4)

.preinit_array  0x08000254        0x0
                0x08000254                        . = ALIGN (0x4)
                [!provide]                        PROVIDE (__preinit_array_start = .)
 *(.preinit_array*)
                [!provide]                        PROVIDE (__preinit_array_end = .)
                0x08000254                        . = ALIGN (0x4)

.init_array     0x08000254        0x0
                0x08000254                        . = ALIGN (0x4)
                [!provide]                        PROVIDE (__init_array_start = .)
 *(SORT_BY_NAME(.init_array.*))
 *(.init_array*)
                [!provide]                        PROVIDE (__init_array_end = .)
                0x08000254                        . = ALIGN (0x4)

.fini_array     0x08000254        0x0
                0x08000254                        . = ALIGN (0x4)
                [!provide]                        PROVIDE (__fini_array_start = .)
 *(SORT_BY_NAME(.fini_array.*))
 *(.fini_array*)
                [!provide]                        PROVIDE (__fini_array_end = .)
                0x08000254                        . = ALIGN (0x4)
                0x08000254                        _sidata = LOADADDR (.data)

.data           0x20000000        0x4 load address 0x08000254
                0x20000000                        . = ALIGN (0x4)
                0x20000000                        _sdata = .
 *(.data)
 .data          0x20000000        0x4 ./Src/main.o
 *(.data*)
 *(.RamFunc)
 *(.RamFunc*)
                0x20000004                        . = ALIGN (0x4)
                0x20000004                        _edata = .

.igot.plt       0x20000004        0x0 load address 0x08000258
 .igot.plt      0x20000004        0x0 ./Src/main.o
                0x20000004                        . = ALIGN (0x4)

.bss            0x20000004        0x0 load address 0x08000258
                0x20000004                        _sbss = .
                0x20000004                        __bss_start__ = _sbss
 *(.bss)
 *(.bss*)
 *(COMMON)
                0x20000004                        . = ALIGN (0x4)
                0x20000004                        _ebss = .
                0x20000004                        __bss_end__ = _ebss

._user_heap_stack
                0x20000004      0x604 load address 0x08000258
                0x20000008                        . = ALIGN (0x8)
 *fill*         0x20000004        0x4 
                [!provide]                        PROVIDE (end = .)
                [!provide]                        PROVIDE (_end = .)
                0x20000208                        . = (. + _Min_Heap_Size)
 *fill*         0x20000008      0x200 
                0x20000608                        . = (. + _Min_Stack_Size)
 *fill*         0x20000208      0x400 
                0x20000608                        . = ALIGN (0x8)

/DISCARD/
 libc.a(*)
 libm.a(*)
 libgcc.a(*)

.ARM.attributes
                0x00000000       0x21
 *(.ARM.attributes)
 .ARM.attributes
                0x00000000       0x21 ./Src/main.o
 .ARM.attributes
                0x00000021       0x21 ./Startup/startup_stm32f103c8tx.o
OUTPUT(bitwise on and off.elf elf32-littlearm)
LOAD linker stubs
LOAD E:/Programs for me/STM32CubeIDE_1.18.0/STM32CubeIDE/plugins/com.st.stm32cube.ide.mcu.externaltools.gnu-tools-for-stm32.13.3.rel1.win32_1.0.0.202411081344/tools/bin/../lib/gcc/arm-none-eabi/13.3.1/../../../../arm-none-eabi/lib/thumb/v7-m/nofp\libc.a
LOAD E:/Programs for me/STM32CubeIDE_1.18.0/STM32CubeIDE/plugins/com.st.stm32cube.ide.mcu.externaltools.gnu-tools-for-stm32.13.3.rel1.win32_1.0.0.202411081344/tools/bin/../lib/gcc/arm-none-eabi/13.3.1/../../../../arm-none-eabi/lib/thumb/v7-m/nofp\libm.a
LOAD E:/Programs for me/STM32CubeIDE_1.18.0/STM32CubeIDE/plugins/com.st.stm32cube.ide.mcu.externaltools.gnu-tools-for-stm32.13.3.rel1.win32_1.0.0.202411081344/tools/bin/../lib/gcc/arm-none-eabi/13.3.1/thumb/v7-m/nofp\libgcc.a

.debug_line     0x00000000      0x111
 .debug_line    0x00000000       0x97 ./Src/main.o
 .debug_line    0x00000097       0x7a ./Startup/startup_stm32f103c8tx.o

.debug_line_str
                0x00000000       0x5d
 .debug_line_str
                0x00000000       0x5d ./Src/main.o
                                 0x3a (size before relaxing)
 .debug_line_str
                0x0000005d       0x4f ./Startup/startup_stm32f103c8tx.o

.debug_info     0x00000000       0x55
 .debug_info    0x00000000       0x25 ./Src/main.o
 .debug_info    0x00000025       0x30 ./Startup/startup_stm32f103c8tx.o

.debug_abbrev   0x00000000       0x38
 .debug_abbrev  0x00000000       0x14 ./Src/main.o
 .debug_abbrev  0x00000014       0x24 ./Startup/startup_stm32f103c8tx.o

.debug_aranges  0x00000000       0x48
 .debug_aranges
                0x00000000       0x20 ./Src/main.o
 .debug_aranges
                0x00000020       0x28 ./Startup/startup_stm32f103c8tx.o

.debug_str      0x00000000       0x79
 .debug_str     0x00000000       0x79 ./Src/main.o
                                 0x48 (size before relaxing)
 .debug_str     0x00000079       0x6b ./Startup/startup_stm32f103c8tx.o

.debug_rnglists
                0x00000000       0x19
 .debug_rnglists
                0x00000000       0x19 ./Startup/startup_stm32f103c8tx.o
