
Discarded input sections

 .data          0x00000000        0x0 ./Src/main.o
 .bss           0x00000000        0x0 ./Src/main.o
 .text          0x00000000       0x14 ./Startup/startup_stm32f103c8tx.o
 .data          0x00000000        0x0 ./Startup/startup_stm32f103c8tx.o
 .bss           0x00000000        0x0 ./Startup/startup_stm32f103c8tx.o

Memory Configuration

Name             Origin             Length             Attributes
RAM              0x20000000         0x00005000         xrw
FLASH            0x08000000         0x00010000         xr
*default*        0x00000000         0xffffffff

Linker script and memory map

LOAD ./Src/main.o
LOAD ./Startup/startup_stm32f103c8tx.o
START GROUP
LOAD E:/Programs for me/STM32CubeIDE_1.18.0/STM32CubeIDE/plugins/com.st.stm32cube.ide.mcu.externaltools.gnu-tools-for-stm32.13.3.rel1.win32_1.0.0.202411081344/tools/bin/../lib/gcc/arm-none-eabi/13.3.1/../../../../arm-none-eabi/lib/thumb/v7-m/nofp\libc_nano.a
LOAD E:/Programs for me/STM32CubeIDE_1.18.0/STM32CubeIDE/plugins/com.st.stm32cube.ide.mcu.externaltools.gnu-tools-for-stm32.13.3.rel1.win32_1.0.0.202411081344/tools/bin/../lib/gcc/arm-none-eabi/13.3.1/../../../../arm-none-eabi/lib/thumb/v7-m/nofp\libm.a
END GROUP
                0x20005000                        _estack = (ORIGIN (RAM) + LENGTH (RAM))
                0x00000200                        _Min_Heap_Size = 0x200
                0x00000400                        _Min_Stack_Size = 0x400

.isr_vector     0x08000000      0x130
                0x08000000                        . = ALIGN (0x4)
 *(.isr_vector)
 .isr_vector    0x08000000      0x130 ./Startup/startup_stm32f103c8tx.o
                0x08000000                g_pfnVectors
                0x08000130                        . = ALIGN (0x4)

.text           0x08000130       0xa0
                0x08000130                        . = ALIGN (0x4)
 *(.text)
 .text          0x08000130       0x50 ./Src/main.o
                0x08000130                main
 *(.text*)
 .text.Reset_Handler
                0x08000180       0x4c ./Startup/startup_stm32f103c8tx.o
                0x08000180                Reset_Handler
 .text.Default_Handler
                0x080001cc        0x2 ./Startup/startup_stm32f103c8tx.o
                0x080001cc                EXTI2_IRQHandler
                0x080001cc                TIM8_TRG_COM_IRQHandler
                0x080001cc                TIM8_CC_IRQHandler
                0x080001cc                DebugMon_Handler
                0x080001cc                TIM1_CC_IRQHandler
                0x080001cc                HardFault_Handler
                0x080001cc                TIM6_IRQHandler
                0x080001cc                SysTick_Handler
                0x080001cc                PVD_IRQHandler
                0x080001cc                SDIO_IRQHandler
                0x080001cc                PendSV_Handler
                0x080001cc                NMI_Handler
                0x080001cc                EXTI3_IRQHandler
                0x080001cc                USB_HP_CAN_TX_IRQHandler
                0x080001cc                EXTI0_IRQHandler
                0x080001cc                I2C2_EV_IRQHandler
                0x080001cc                UsageFault_Handler
                0x080001cc                ADC1_2_IRQHandler
                0x080001cc                SPI1_IRQHandler
                0x080001cc                CAN_SCE_IRQHandler
                0x080001cc                TAMPER_IRQHandler
                0x080001cc                TIM8_UP_IRQHandler
                0x080001cc                DMA2_Channel2_IRQHandler
                0x080001cc                DMA1_Channel4_IRQHandler
                0x080001cc                USART3_IRQHandler
                0x080001cc                RTC_IRQHandler
                0x080001cc                DMA1_Channel7_IRQHandler
                0x080001cc                UART5_IRQHandler
                0x080001cc                ADC3_IRQHandler
                0x080001cc                TIM4_IRQHandler
                0x080001cc                CAN_RX1_IRQHandler
                0x080001cc                DMA2_Channel1_IRQHandler
                0x080001cc                I2C1_EV_IRQHandler
                0x080001cc                DMA1_Channel6_IRQHandler
                0x080001cc                UART4_IRQHandler
                0x080001cc                TIM3_IRQHandler
                0x080001cc                RCC_IRQHandler
                0x080001cc                TIM1_TRG_COM_IRQHandler
                0x080001cc                DMA1_Channel1_IRQHandler
                0x080001cc                Default_Handler
                0x080001cc                EXTI15_10_IRQHandler
                0x080001cc                TIM7_IRQHandler
                0x080001cc                TIM5_IRQHandler
                0x080001cc                EXTI9_5_IRQHandler
                0x080001cc                SPI2_IRQHandler
                0x080001cc                USB_LP_CAN_RX0_IRQHandler
                0x080001cc                MemManage_Handler
                0x080001cc                SVC_Handler
                0x080001cc                DMA1_Channel5_IRQHandler
                0x080001cc                EXTI4_IRQHandler
                0x080001cc                DMA1_Channel3_IRQHandler
                0x080001cc                FSMC_IRQHandler
                0x080001cc                TIM1_UP_IRQHandler
                0x080001cc                WWDG_IRQHandler
                0x080001cc                TIM2_IRQHandler
                0x080001cc                TIM1_BRK_IRQHandler
                0x080001cc                EXTI1_IRQHandler
                0x080001cc                RTCAlarm_IRQHandler
                0x080001cc                DMA2_Channel4_5_IRQHandler
                0x080001cc                USART2_IRQHandler
                0x080001cc                I2C2_ER_IRQHandler
                0x080001cc                DMA1_Channel2_IRQHandler
                0x080001cc                TIM8_BRK_IRQHandler
                0x080001cc                FLASH_IRQHandler
                0x080001cc                BusFault_Handler
                0x080001cc                USART1_IRQHandler
                0x080001cc                SPI3_IRQHandler
                0x080001cc                I2C1_ER_IRQHandler
                0x080001cc                DMA2_Channel3_IRQHandler
 *(.glue_7)
 .glue_7        0x080001ce        0x0 linker stubs
 *(.glue_7t)
 .glue_7t       0x080001ce        0x0 linker stubs
 *(.eh_frame)
 *(.init)
 *(.fini)
                0x080001d0                        . = ALIGN (0x4)
 *fill*         0x080001ce        0x2 
                0x080001d0                        _etext = .

.vfp11_veneer   0x080001d0        0x0
 .vfp11_veneer  0x080001d0        0x0 linker stubs

.v4_bx          0x080001d0        0x0
 .v4_bx         0x080001d0        0x0 linker stubs

.iplt           0x080001d0        0x0
 .iplt          0x080001d0        0x0 ./Startup/startup_stm32f103c8tx.o

.rel.dyn        0x080001d0        0x0
 .rel.iplt      0x080001d0        0x0 ./Startup/startup_stm32f103c8tx.o

.rodata         0x080001d0        0x0
                0x080001d0                        . = ALIGN (0x4)
 *(.rodata)
 *(.rodata*)
                0x080001d0                        . = ALIGN (0x4)

.ARM.extab      0x080001d0        0x0
                0x080001d0                        . = ALIGN (0x4)
 *(.ARM.extab* .gnu.linkonce.armextab.*)
                0x080001d0                        . = ALIGN (0x4)

.ARM            0x080001d0        0x0
                0x080001d0                        . = ALIGN (0x4)
                0x080001d0                        __exidx_start = .
 *(.ARM.exidx*)
                0x080001d0                        __exidx_end = .
                0x080001d0                        . = ALIGN (0x4)

.preinit_array  0x080001d0        0x0
                0x080001d0                        . = ALIGN (0x4)
                [!provide]                        PROVIDE (__preinit_array_start = .)
 *(.preinit_array*)
                [!provide]                        PROVIDE (__preinit_array_end = .)
                0x080001d0                        . = ALIGN (0x4)

.init_array     0x080001d0        0x0
                0x080001d0                        . = ALIGN (0x4)
                [!provide]                        PROVIDE (__init_array_start = .)
 *(SORT_BY_NAME(.init_array.*))
 *(.init_array*)
                [!provide]                        PROVIDE (__init_array_end = .)
                0x080001d0                        . = ALIGN (0x4)

.fini_array     0x080001d0        0x0
                0x080001d0                        . = ALIGN (0x4)
                [!provide]                        PROVIDE (__fini_array_start = .)
 *(SORT_BY_NAME(.fini_array.*))
 *(.fini_array*)
                [!provide]                        PROVIDE (__fini_array_end = .)
                0x080001d0                        . = ALIGN (0x4)
                0x080001d0                        _sidata = LOADADDR (.data)

.data           0x20000000        0x0 load address 0x080001d0
                0x20000000                        . = ALIGN (0x4)
                0x20000000                        _sdata = .
 *(.data)
 *(.data*)
 *(.RamFunc)
 *(.RamFunc*)
                0x20000000                        . = ALIGN (0x4)
                0x20000000                        _edata = .

.igot.plt       0x20000000        0x0 load address 0x080001d0
 .igot.plt      0x20000000        0x0 ./Startup/startup_stm32f103c8tx.o
                0x20000000                        . = ALIGN (0x4)

.bss            0x20000000        0x0 load address 0x080001d0
                0x20000000                        _sbss = .
                0x20000000                        __bss_start__ = _sbss
 *(.bss)
 *(.bss*)
 *(COMMON)
                0x20000000                        . = ALIGN (0x4)
                0x20000000                        _ebss = .
                0x20000000                        __bss_end__ = _ebss

._user_heap_stack
                0x20000000      0x600 load address 0x080001d0
                0x20000000                        . = ALIGN (0x8)
                [!provide]                        PROVIDE (end = .)
                [!provide]                        PROVIDE (_end = .)
                0x20000200                        . = (. + _Min_Heap_Size)
 *fill*         0x20000000      0x200 
                0x20000600                        . = (. + _Min_Stack_Size)
 *fill*         0x20000200      0x400 
                0x20000600                        . = ALIGN (0x8)

/DISCARD/
 libc.a(*)
 libm.a(*)
 libgcc.a(*)

.ARM.attributes
                0x00000000       0x21
 *(.ARM.attributes)
 .ARM.attributes
                0x00000000       0x21 ./Src/main.o
 .ARM.attributes
                0x00000021       0x21 ./Startup/startup_stm32f103c8tx.o
OUTPUT(arm assembly blink.elf elf32-littlearm)
LOAD linker stubs
LOAD E:/Programs for me/STM32CubeIDE_1.18.0/STM32CubeIDE/plugins/com.st.stm32cube.ide.mcu.externaltools.gnu-tools-for-stm32.13.3.rel1.win32_1.0.0.202411081344/tools/bin/../lib/gcc/arm-none-eabi/13.3.1/../../../../arm-none-eabi/lib/thumb/v7-m/nofp\libc.a
LOAD E:/Programs for me/STM32CubeIDE_1.18.0/STM32CubeIDE/plugins/com.st.stm32cube.ide.mcu.externaltools.gnu-tools-for-stm32.13.3.rel1.win32_1.0.0.202411081344/tools/bin/../lib/gcc/arm-none-eabi/13.3.1/../../../../arm-none-eabi/lib/thumb/v7-m/nofp\libm.a
LOAD E:/Programs for me/STM32CubeIDE_1.18.0/STM32CubeIDE/plugins/com.st.stm32cube.ide.mcu.externaltools.gnu-tools-for-stm32.13.3.rel1.win32_1.0.0.202411081344/tools/bin/../lib/gcc/arm-none-eabi/13.3.1/thumb/v7-m/nofp\libgcc.a

.debug_line     0x00000000       0xe2
 .debug_line    0x00000000       0x68 ./Src/main.o
 .debug_line    0x00000068       0x7a ./Startup/startup_stm32f103c8tx.o

.debug_line_str
                0x00000000       0x5d
 .debug_line_str
                0x00000000       0x5d ./Src/main.o
                                 0x3a (size before relaxing)
 .debug_line_str
                0x0000005d       0x4f ./Startup/startup_stm32f103c8tx.o

.debug_info     0x00000000       0x54
 .debug_info    0x00000000       0x24 ./Src/main.o
 .debug_info    0x00000024       0x30 ./Startup/startup_stm32f103c8tx.o

.debug_abbrev   0x00000000       0x38
 .debug_abbrev  0x00000000       0x14 ./Src/main.o
 .debug_abbrev  0x00000014       0x24 ./Startup/startup_stm32f103c8tx.o

.debug_aranges  0x00000000       0x48
 .debug_aranges
                0x00000000       0x20 ./Src/main.o
 .debug_aranges
                0x00000020       0x28 ./Startup/startup_stm32f103c8tx.o

.debug_str      0x00000000       0x79
 .debug_str     0x00000000       0x79 ./Src/main.o
                                 0x48 (size before relaxing)
 .debug_str     0x00000079       0x6b ./Startup/startup_stm32f103c8tx.o

.debug_rnglists
                0x00000000       0x19
 .debug_rnglists
                0x00000000       0x19 ./Startup/startup_stm32f103c8tx.o
